#-----------------------------------------------------------
# Vivado v2025.1 (64-bit)
# SW Build 6140274 on Thu May 22 00:12:29 MDT 2025
# IP Build 6138677 on Thu May 22 03:10:11 MDT 2025
# SharedData Build 6139179 on Tue May 20 17:58:58 MDT 2025
# Start of session at: Fri Nov  7 09:53:03 2025
# Process ID         : 74444
# Current directory  : C:/Users/vincent/GitHub/advancedvlsi-25-26/task3/Task3/Task3.runs/impl_1
# Command line       : vivado.exe -log alu.vdi -applog -product Vivado -messageDb vivado.pb -mode batch -source alu.tcl -notrace
# Log file           : C:/Users/vincent/GitHub/advancedvlsi-25-26/task3/Task3/Task3.runs/impl_1/alu.vdi
# Journal file       : C:/Users/vincent/GitHub/advancedvlsi-25-26/task3/Task3/Task3.runs/impl_1\vivado.jou
# Running On         : DESKTOP-VISPKO1
# Platform           : Windows Server 2016 or Windows 10
# Operating System   : 26100
# Processor Detail   : 13th Gen Intel(R) Core(TM) i7-13620H
# CPU Frequency      : 2918 MHz
# CPU Physical cores : 10
# CPU Logical cores  : 16
# Host memory        : 34032 MB
# Swap memory        : 5100 MB
# Total Virtual      : 39132 MB
# Available Virtual  : 23452 MB
#-----------------------------------------------------------
source alu.tcl -notrace
